
Hexadecimal

Area                               Addr   Size   Decimal Bytes (Attributes)
--------------------------------   ----   ----   ------- ----- ------------
.  .ABS.                           0000   0000 =      0. bytes (ABS,OVR)

      Value  Global
   --------  --------------------------------
     0000    l_GSINIT1
     0000    l_GSINIT3
     0000    l_GSINIT5
     0000    l_HOME
     0000    l_ISEG
     0000    l_PSEG
     0000    l_REG_BANK_1
     0000    l_REG_BANK_2
     0000    l_REG_BANK_3
     0000    l_RSEG
     0000    l__CODE
     0000    s_BSEG
     0000    s_CSEG
     0000    s_DSEG
     0000    s_REG_BANK_0
     0000    s__CODE
     0001    l_BSEG_BYTES
     0003    l_GSFINAL
     0003    l_GSINIT0
     0004    l_BSEG
     0004    l_OSEG
     0006    l_GSINIT4
     0008    l_REG_BANK_0
     0008    s_REG_BANK_1
     0009    l_GSINIT
     000A    l_GSINIT2
     000B    l_XSEG
     0010    s_REG_BANK_2
     0018    s_REG_BANK_3
     0020    s_BSEG_BYTES
     002B    s_OSEG
     002F    s_SSEG
     007E    l_DSEG
     0080    _IOA
     0080    _bitS_CLK
     0080    s_ISEG
     0081    _SP
     0081    _bitS_OUT
     0082    _DPL
     0083    _DPH
     0083    _bitS_IN
     0084    _DPL1
     0085    _DPH1
     0086    _DPS
     0086    _SEL
     0087    _PCON
     0088    _IT0
     0088    _TCON
     0089    _IE0
     0089    _TMOD
     008A    _IT1
     008A    _TL0
     008B    _IE1
     008B    _TL1
     008C    _TH0
     008C    _TR0
     008D    _TF0
     008D    _TH1
     008E    _CKCON
     008E    _TR1
     008F    _TF1
     0090    _IOB
     0091    _EXIF
     0092    _MPAGE
     0098    _RI
     0098    _SCON0
     0099    _SBUF0
     0099    _TI
     009A    _APTR1H
     009A    _RB8
     009B    _APTR1L
     009B    _TB8
     009C    _AUTODAT1
     009C    _REN
     009D    _AUTOPTRH2
     009D    _SM2
     009E    _AUTOPTRL2
     009E    _SM1
     009F    _AUTODAT2
     009F    _SM0
     00A0    _IOC
     00A0    _bitALTERA_DATA0
     00A1    _INT2CLR
     00A2    _INT4CLR
     00A2    _bitALTERA_DCLK
     00A8    _EX0
     00A8    _IE
     00A9    _ET0
     00AA    _EP2468STAT
     00AA    _EX1
     00AB    _EP24FIFOFLGS
     00AB    _ET1
     00AC    _EP68FIFOFLGS
     00AC    _ES0
     00AD    _ET2
     00AE    _ES1
     00AF    _AUTOPTRSETUP
     00AF    _EA
     00B0    _IOD
     00B1    _IOE
     00B2    _OEA
     00B3    _OEB
     00B4    _OEC
     00B5    _OED
     00B6    _OEE
     00B8    _IP
     00B8    _PX0
     00B9    _PT0
     00BA    _EP01STAT
     00BA    _PX1
     00BB    _GPIFTRIG
     00BB    _PT1
     00BC    _PS0
     00BD    _GPIFSGLDATH
     00BD    _PT2
     00BE    _GPIFSGLDATLX
     00BE    _PS1
     00BF    _GPIFSGLDATLNOX
     00C0    _RI1
     00C0    _SCON1
     00C1    _SBUF1
     00C1    _TI1
     00C2    _RB81
     00C3    _TB81
     00C4    _REN1
     00C5    _SM21
     00C6    _SM11
     00C7    _SM01
     00C8    _CP_RL2
     00C8    _T2CON
     00C9    _C_T2
     00CA    _RCAP2L
     00CA    _TR2
     00CB    _EXEN2
     00CB    _RCAP2H
     00CC    _TCLK
     00CC    _TL2
     00CD    _RCLK
     00CD    _TH2
     00CE    _EXF2
     00CF    _TF2
     00D0    _P
     00D0    _PSW
     00D1    _FL
     00D1    l_SSEG
     00D2    _OV
     00D3    _RS0
     00D4    _RS1
     00D5    _F0
     00D6    _AC
     00D7    _CY
     00D8    _EICON
     00DB    _INT6
     00DC    _RESI
     00DD    _ERESI
     00DF    _SMOD1
     00E0    _ACC
     00E8    _EIE
     00E8    _EIUSB
     00E9    _EI2C
     00EA    _EIEX4
     00EB    _EIEX5
     00EC    _EIEX6
     00F0    _B
     00F8    _EIP
     00F8    _PUSB
     00F9    _PI2C
     00FA    _EIPX4
     00FB    _EIPX5
     00FC    _EIPX6
     0100    l_IRAM
     0100    s_RSEG
     013C    l_USBDESCSEG
     0F1E    l_CSEG
     0F1E    s_GSINIT
     0F27    s_GSINIT0
     0F2A    s_GSINIT1
     0F2A    s_GSINIT2
     0F34    s_GSINIT3
     0F34    s_GSINIT4
     0F3A    s_GSFINAL
     0F3A    s_GSINIT5
     0F3D    s_HOME
     2000    s_XSEG
     E000    s_USBDESCSEG
     E13C    s_PSEG
     E400    _GPIF_WAVE_DATA
     E480    _RES_WAVEDATA_END
     E600    _CPUCS
     E601    _IFCONFIG
     E602    _PINFLAGSAB
     E603    _PINFLAGSCD
     E604    _FIFORESET
     E605    _BREAKPT
     E606    _BPADDRH
     E607    _BPADDRL
     E608    _UART230
     E609    _FIFOPINPOLAR
     E60A    _REVID
     E60B    _REVCTL
     E60C    _GPIFHOLDAMOUNT
     E610    _EP1OUTCFG
     E611    _EP1INCFG
     E612    _EP2CFG
     E613    _EP4CFG
     E614    _EP6CFG
     E615    _EP8CFG
     E618    _EP2FIFOCFG
     E619    _EP4FIFOCFG
     E61A    _EP6FIFOCFG
     E61B    _EP8FIFOCFG
     E620    _EP2AUTOINLENH
     E621    _EP2AUTOINLENL
     E622    _EP4AUTOINLENH
     E623    _EP4AUTOINLENL
     E624    _EP6AUTOINLENH
     E625    _EP6AUTOINLENL
     E626    _EP8AUTOINLENH
     E627    _EP8AUTOINLENL
     E630    _EP2FIFOPFH
     E631    _EP2FIFOPFL
     E632    _EP4FIFOPFH
     E633    _EP4FIFOPFL
     E634    _EP6FIFOPFH
     E635    _EP6FIFOPFL
     E636    _EP8FIFOPFH
     E637    _EP8FIFOPFL
     E640    _EP2ISOINPKTS
     E641    _EP4ISOINPKTS
     E642    _EP6ISOINPKTS
     E643    _EP8ISOINPKTS
     E648    _INPKTEND
     E649    _OUTPKTEND
     E650    _EP2FIFOIE
     E651    _EP2FIFOIRQ
     E652    _EP4FIFOIE
     E653    _EP4FIFOIRQ
     E654    _EP6FIFOIE
     E655    _EP6FIFOIRQ
     E656    _EP8FIFOIE
     E657    _EP8FIFOIRQ
     E658    _IBNIE
     E659    _IBNIRQ
     E65A    _NAKIE
     E65B    _NAKIRQ
     E65C    _USBIE
     E65D    _USBIRQ
     E65E    _EPIE
     E65F    _EPIRQ
     E660    _GPIFIE
     E661    _GPIFIRQ
     E662    _USBERRIE
     E663    _USBERRIRQ
     E664    _ERRCNTLIM
     E665    _CLRERRCNT
     E666    _INT2IVEC
     E667    _INT4IVEC
     E668    _INTSETUP
     E670    _PORTACFG
     E671    _PORTCCFG
     E672    _PORTECFG
     E678    _I2CS
     E679    _I2DAT
     E67A    _I2CTL
     E67B    _XAUTODAT1
     E67C    _XAUTODAT2
     E67D    _UDMACRCH
     E67E    _UDMACRCL
     E67F    _UDMACRCQUAL
     E680    _USBCS
     E681    _SUSPEND
     E682    _WAKEUPCS
     E683    _TOGCTL
     E684    _USBFRAMEH
     E685    _USBFRAMEL
     E686    _MICROFRAME
     E687    _FNADDR
     E68A    _EP0BCH
     E68B    _EP0BCL
     E68D    _EP1OUTBC
     E68F    _EP1INBC
     E690    _EP2BCH
     E691    _EP2BCL
     E694    _EP4BCH
     E695    _EP4BCL
     E698    _EP6BCH
     E699    _EP6BCL
     E69C    _EP8BCH
     E69D    _EP8BCL
     E6A0    _EP0CS
     E6A1    _EP1OUTCS
     E6A2    _EP1INCS
     E6A3    _EP2CS
     E6A4    _EP4CS
     E6A5    _EP6CS
     E6A6    _EP8CS
     E6A7    _EP2FIFOFLGS
     E6A8    _EP4FIFOFLGS
     E6A9    _EP6FIFOFLGS
     E6AA    _EP8FIFOFLGS
     E6AB    _EP2FIFOBCH
     E6AC    _EP2FIFOBCL
     E6AD    _EP4FIFOBCH
     E6AE    _EP4FIFOBCL
     E6AF    _EP6FIFOBCH
     E6B0    _EP6FIFOBCL
     E6B1    _EP8FIFOBCH
     E6B2    _EP8FIFOBCL
     E6B3    _SUDPTRH
     E6B4    _SUDPTRL
     E6B5    _SUDPTRCTL
     E6B8    _SETUPDAT
     E6C0    _GPIFWFSELECT
     E6C1    _GPIFIDLECS
     E6C2    _GPIFIDLECTL
     E6C3    _GPIFCTLCFG
     E6C4    _GPIFADRH
     E6C5    _GPIFADRL
     E6C6    _FLOWSTATE
     E6C7    _FLOWLOGIC
     E6C8    _FLOWEQ0CTL
     E6C9    _FLOWEQ1CTL
     E6CA    _FLOWHOLDOFF
     E6CB    _FLOWSTB
     E6CC    _FLOWSTBEDGE
     E6CD    _FLOWSTBHPERIOD
     E6CE    _GPIFTCB3
     E6CF    _GPIFTCB2
     E6D0    _GPIFTCB1
     E6D1    _GPIFTCB0
     E6D2    _EP2GPIFFLGSEL
     E6D3    _EP2GPIFPFSTOP
     E6D4    _EP2GPIFTRIG
     E6DA    _EP4GPIFFLGSEL
     E6DB    _EP4GPIFPFSTOP
     E6DC    _EP4GPIFTRIG
     E6E2    _EP6GPIFFLGSEL
     E6E3    _EP6GPIFPFSTOP
     E6E4    _EP6GPIFTRIG
     E6EA    _EP8GPIFFLGSEL
     E6EB    _EP8GPIFPFSTOP
     E6EC    _EP8GPIFTRIG
     E6F0    _XGPIFSGLDATH
     E6F1    _XGPIFSGLDATLX
     E6F2    _XGPIFSGLDATLNOX
     E6F3    _GPIFREADYCFG
     E6F4    _GPIFREADYSTAT
     E6F5    _GPIFABORT
     E6F8    _DBUG
     E6F9    _TESTCFG
     E6FA    _USBTEST
     E6FB    _CT1
     E6FC    _CT2
     E6FD    _CT3
     E6FE    _CT4
     E740    _EP0BUF
     E780    _EP1OUTBUF
     E7C0    _EP1INBUF
     F000    _EP2FIFOBUF
     F400    _EP4FIFOBUF
     F800    _EP6FIFOBUF
     FC00    _EP8FIFOBUF

Hexadecimal

Area                               Addr   Size   Decimal Bytes (Attributes)
--------------------------------   ----   ----   ------- ----- ------------
_CODE                              0000   0000 =      0. bytes (REL,CON)

Hexadecimal

Area                               Addr   Size   Decimal Bytes (Attributes)
--------------------------------   ----   ----   ------- ----- ------------
REG_BANK_0                         0000   0008 =      8. bytes (REL,OVR)

Hexadecimal

Area                               Addr   Size   Decimal Bytes (Attributes)
--------------------------------   ----   ----   ------- ----- ------------
REG_BANK_1                         0008   0000 =      0. bytes (REL,OVR)

Hexadecimal

Area                               Addr   Size   Decimal Bytes (Attributes)
--------------------------------   ----   ----   ------- ----- ------------
REG_BANK_2                         0010   0000 =      0. bytes (REL,OVR)

Hexadecimal

Area                               Addr   Size   Decimal Bytes (Attributes)
--------------------------------   ----   ----   ------- ----- ------------
REG_BANK_3                         0018   0000 =      0. bytes (REL,OVR)

Hexadecimal

Area                               Addr   Size   Decimal Bits  (Attributes)
--------------------------------   ----   ----   ------- ----- ------------
BSEG                               0000   0004 =      4. bits  (REL,CON,BIT)

      Value  Global
   --------  --------------------------------
  0B:0000    _hook_sv_t_1_1
  0B:0001    _hook_uv_t_1_1
  0B:0002    _hook_fgv_t_1_1
  0B:0003    __usb_got_SUDAV

Hexadecimal

Area                               Addr   Size   Decimal Bytes (Attributes)
--------------------------------   ----   ----   ------- ----- ------------
BSEG_BYTES                         0020   0001 =      1. bytes (REL,CON)

Hexadecimal

Area                               Addr   Size   Decimal Bytes (Attributes)
--------------------------------   ----   ----   ------- ----- ------------
DSEG                               0000   007E =    126. bytes (REL,CON)

      Value  Global
   --------  --------------------------------
     0009    _eeprom_read_PARM_2
     000A    _eeprom_read_PARM_3
     000C    _eeprom_read_PARM_4
     000D    _clock_out_bytes_PARM_2
     000F    _fpga_load_xfer_PARM_2
     0010    _spi_read_PARM_2
     0011    _spi_read_PARM_3
     0012    _spi_read_PARM_4
     0013    _spi_read_PARM_5
     0015    _spi_read_PARM_6
     0016    _spi_write_PARM_2
     0017    _spi_write_PARM_3
     0018    _spi_write_PARM_4
     0019    _spi_write_PARM_5
     001B    _spi_write_PARM_6
     001C    _write_bytes_msb_PARM_2
     001D    _read_bytes_msb_PARM_2
     0021    __usb_config
     0022    __usb_alt_setting
     0023    _current_device_descr
     0025    _current_devqual_descr
     0027    _current_config_descr
     0029    _other_config_descr

Hexadecimal

Area                               Addr   Size   Decimal Bytes (Attributes)
--------------------------------   ----   ----   ------- ----- ------------
OSEG                               002B   0004 =      4. bytes (REL,OVR)

      Value  Global
   --------  --------------------------------
     002B    _hook_fgv_PARM_2
     002B    _hook_sv_PARM_2
     002B    _hook_uv_PARM_2
     002B    _i2c_read_PARM_2
     002B    _i2c_write_PARM_2
     002D    _i2c_read_PARM_3
     002D    _i2c_write_PARM_3
     002E    _i2c_read_junk_1_1

Hexadecimal

Area                               Addr   Size   Decimal Bytes (Attributes)
--------------------------------   ----   ----   ------- ----- ------------
ISEG                               0080   0000 =      0. bytes (REL,CON)

Hexadecimal

Area                               Addr   Size   Decimal Bytes (Attributes)
--------------------------------   ----   ----   ------- ----- ------------
SSEG                               002F   00D1 =    209. bytes (REL,OVR)

      Value  Global
   --------  --------------------------------
     002F    __start__stack

Hexadecimal

Area                               Addr   Size   Decimal Bytes (Attributes)
--------------------------------   ----   ----   ------- ----- ------------
CSEG                               0000   0F1E =   3870. bytes (REL,CON,CODE)

      Value  Global
   --------  --------------------------------
  0C:0000    __reset_vector
  0C:0000    __standard_interrupt_vector
  0C:006B    __isr_nop
  0C:0080    __fifo_gpif_autovector
  0C:0100    __usb_autovector
  0C:0180    __sdcc_external_startup
  0C:01A5    __sdcc_program_startup
  0C:01B8    _app_vendor_OUT_cmd
  0C:0284    _app_vendor_IN_cmd
  0C:0307    _app_vendor_cmd
  0C:032A    _isr_tick
  0C:033F    _patch_usb_descriptors
  0C:0368    _main
  0C:0397    _eeprom_read
  0C:03CB    _fpga_load_begin
  0C:0456    _fpga_load_xfer
  0C:0466    _fpga_load_end
  0C:0482    _init_hpsdr
  0C:0518    _set_led_0
  0C:0525    _set_led_1
  0C:0532    _toggle_led_0
  0C:0536    _toggle_led_1
  0C:053A    _init_board
  0C:053E    _udelay
  0C:0551    _mdelay
  0C:0564    _fx2_stall_ep0
  0C:056D    _fx2_reset_data_toggle
  0C:0589    _fx2_renumerate
  0C:05AF    _i2c_read
  0C:0686    _i2c_write
  0C:0715    _hook_sv
  0C:077A    _hook_uv
  0C:07D6    _hook_fgv
  0C:0832    _setup_autovectors
  0C:08F6    _init_spi
  0C:092F    _spi_read
  0C:099D    _spi_write
  0C:0AD1    _hook_timer_tick
  0C:0BB2    _usb_install_handlers
  0C:0BE0    _plausible_endpoint
  0C:0BFF    _epcs
  0C:0C48    _usb_handle_set_feature
  0C:0CB6    _usb_handle_clear_feature
  0C:0D22    _usb_handle_get_status
  0C:0D9C    _usb_handle_get_descriptor
  0C:0E4F    _usb_handle_IN_std_requests
  0C:0E93    _usb_handle_OUT_std_requests
  0C:0ECE    _usb_handle_std_requests
  0C:0EE0    _usb_handle_setup_packet

Hexadecimal

Area                               Addr   Size   Decimal Bytes (Attributes)
--------------------------------   ----   ----   ------- ----- ------------
GSINIT                             0F1E   0009 =      9. bytes (REL,CON,CODE)

Hexadecimal

Area                               Addr   Size   Decimal Bytes (Attributes)
--------------------------------   ----   ----   ------- ----- ------------
XSEG                               2000   000B =     11. bytes (REL,CON,XDATA)

Hexadecimal

Area                               Addr   Size   Decimal Bytes (Attributes)
--------------------------------   ----   ----   ------- ----- ------------
USBDESCSEG                         E000   013C =    316. bytes (REL,CON,XDATA)

      Value  Global
   --------  --------------------------------
  0D:E000    _high_speed_device_descr
  0D:E00C    _usb_desc_hw_rev_binary_patch_location_0
  0D:E012    _high_speed_devqual_descr
  0D:E01C    _high_speed_config_descr
  0D:E04E    _full_speed_device_descr
  0D:E05A    _usb_desc_hw_rev_binary_patch_location_1
  0D:E060    _full_speed_devqual_descr
  0D:E06A    _full_speed_config_descr
  0D:E07C    _nstring_descriptors
  0D:E07D    _string_descriptors
  0D:E0D0    _usb_desc_hw_rev_ascii_patch_location_0
  0D:E12C    _usb_desc_serial_number_ascii

Hexadecimal

Area                               Addr   Size   Decimal Bytes (Attributes)
--------------------------------   ----   ----   ------- ----- ------------
RSEG                               0100   0000 =      0. bytes (REL,CON)

Hexadecimal

Area                               Addr   Size   Decimal Bytes (Attributes)
--------------------------------   ----   ----   ------- ----- ------------
PSEG                               E13C   0000 =      0. bytes (REL,CON,PAG,XDATA)   Boundary Error

Hexadecimal

Area                               Addr   Size   Decimal Bytes (Attributes)
--------------------------------   ----   ----   ------- ----- ------------
GSINIT0                            0F27   0003 =      3. bytes (REL,CON,CODE)

      Value  Global
   --------  --------------------------------
  0C:0F27    __sdcc_gsinit_startup

Hexadecimal

Area                               Addr   Size   Decimal Bytes (Attributes)
--------------------------------   ----   ----   ------- ----- ------------
GSINIT1                            0F2A   0000 =      0. bytes (REL,CON,CODE)

Hexadecimal

Area                               Addr   Size   Decimal Bytes (Attributes)
--------------------------------   ----   ----   ------- ----- ------------
GSINIT2                            0F2A   000A =     10. bytes (REL,CON,CODE)

Hexadecimal

Area                               Addr   Size   Decimal Bytes (Attributes)
--------------------------------   ----   ----   ------- ----- ------------
GSINIT3                            0F34   0000 =      0. bytes (REL,CON,CODE)

Hexadecimal

Area                               Addr   Size   Decimal Bytes (Attributes)
--------------------------------   ----   ----   ------- ----- ------------
GSINIT4                            0F34   0006 =      6. bytes (REL,CON,CODE)

      Value  Global
   --------  --------------------------------
  0C:0F34    __mcs51_genRAMCLEAR

Hexadecimal

Area                               Addr   Size   Decimal Bytes (Attributes)
--------------------------------   ----   ----   ------- ----- ------------
GSINIT5                            0F3A   0000 =      0. bytes (REL,CON,CODE)

Hexadecimal

Area                               Addr   Size   Decimal Bytes (Attributes)
--------------------------------   ----   ----   ------- ----- ------------
GSFINAL                            0F3A   0003 =      3. bytes (REL,CON,CODE)

Hexadecimal

Area                               Addr   Size   Decimal Bytes (Attributes)
--------------------------------   ----   ----   ------- ----- ------------
HOME                               0F3D   0000 =      0. bytes (REL,CON,CODE)
ASxxxx Linker V01.70 + NoICE + SDCC Feb 1999,  page 1.

Files Linked      [ module(s) ]

.objs\Initial\src\asm\vectors.rel
.objs\Initial\src\asm\_startup.rel
.objs\Initial\src\asm\usb_descriptors.rel
.objs\Initial\src\hpsdr_main.rel
.objs\Initial\src\eeprom_io.rel
.objs\Initial\src\fpga_load.rel
.objs\Initial\src\hpsdr_common.rel
.objs\Initial\src\board_specific.rel
.objs\Initial\src\lib\delay.rel
.objs\Initial\src\lib\fx2utils.rel
.objs\Initial\src\lib\i2c.rel
.objs\Initial\src\lib\isr.rel
.objs\Initial\src\lib\spi.rel
.objs\Initial\src\lib\timer.rel
.objs\Initial\src\lib\usb_common.rel

Libraries Linked            [   object  file   ]

C:\Program Files\SDCC\bin\..\lib\small/mcs51.lib    [     crtclear.rel ]
C:\Program Files\SDCC\bin\..\lib\small/mcs51.lib    [     crtstart.rel ]

ASxxxx Linker V01.70 + NoICE + SDCC Feb 1999,  page 2.

User Base Address Definitions

CSEG = 0x0000
XSEG = 0x2000
ISEG = 0x0080
BSEG = 0x0000
USBDESCSEG = 0xE000

