--------------------------------------------------------------------------------------
Timing Analyzer Summary
--------------------------------------------------------------------------------------

Type           : Worst-case tsu
Slack          : N/A
Required Time  : None
Actual Time    : 6.284 ns
From           : ATLAS_C10
To             : loopBackCheck:loopBackA10C10|not_ok_o
From Clock     : --
To Clock       : FX2_CLK
Failed Paths   : 0

Type           : Worst-case tco
Slack          : N/A
Required Time  : None
Actual Time    : 9.987 ns
From           : loopBackCheck:loopBackA10C10|not_ok_o
To             : DEBUG_LED3
From Clock     : FX2_CLK
To Clock       : --
Failed Paths   : 0

Type           : Worst-case th
Slack          : N/A
Required Time  : None
Actual Time    : -5.206 ns
From           : ATLAS_C02
To             : loopBackCheck:loopBackA02C02|not_ok_o
From Clock     : --
To Clock       : FX2_CLK
Failed Paths   : 0

Type           : Clock Setup: 'FX2_CLK'
Slack          : N/A
Required Time  : None
Actual Time    : 157.55 MHz ( period = 6.347 ns )
From           : clock_count[16]
To             : clock_count[18]
From Clock     : FX2_CLK
To Clock       : FX2_CLK
Failed Paths   : 0

Type           : Total number of failed paths
Slack          : 
Required Time  : 
Actual Time    : 
From           : 
To             : 
From Clock     : 
To Clock       : 
Failed Paths   : 0

--------------------------------------------------------------------------------------

