 pthreadVC

 Timestamp is 525c3006 (Mon Oct 14 10:55:18 2013)

 Preferred load address is 10000000

 Start         Length     Name                   Class
 0001:00000000 00009696H .text                   CODE
 0002:00000000 0000017cH .idata$5                DATA
 0002:0000017c 00000004H .CRT$XCA                DATA
 0002:00000180 00000004H .CRT$XCZ                DATA
 0002:00000184 00000004H .CRT$XIA                DATA
 0002:00000188 00000004H .CRT$XIAA               DATA
 0002:0000018c 00000004H .CRT$XIZ                DATA
 0002:00000190 00000890H .rdata                  DATA
 0002:00000a20 00000074H .rdata$debug            DATA
 0002:00000aa0 00000004H .rdata$sxdata           DATA
 0002:00000aa4 00000004H .rtc$IAA                DATA
 0002:00000aa8 00000004H .rtc$IMZ                DATA
 0002:00000aac 00000004H .rtc$IZZ                DATA
 0002:00000ab0 00000004H .rtc$TAA                DATA
 0002:00000ab4 00000004H .rtc$TMZ                DATA
 0002:00000ab8 00000004H .rtc$TZZ                DATA
 0002:00000ac0 000000a4H .xdata$x                DATA
 0002:00000b64 0000003cH .idata$2                DATA
 0002:00000ba0 00000014H .idata$3                DATA
 0002:00000bb4 0000017cH .idata$4                DATA
 0002:00000d30 00000648H .idata$6                DATA
 0002:00001380 00000ea2H .edata                  DATA
 0003:00000000 000000bcH .data                   DATA
 0003:000000c0 0000044cH .bss                    DATA
 0004:00000000 00000058H .rsrc$01                DATA
 0004:00000060 00000410H .rsrc$02                DATA

  Address         Publics by Value              Rva+Base       Lib:Object

 0000:00000001       ___safe_se_handler_count   00000001     <absolute>
 0000:00000000       ___ImageBase               10000000     <linker-defined>
 0001:00000000       _ptw32_InterlockedCompareExchange@12 10001000 f   pthread.obj
 0001:00000050       _ptw32_InterlockedExchange@8 10001050 f   pthread.obj
 0001:000000a0       _ptw32_mcs_flag_set        100010a0 f   pthread.obj
 0001:000000f0       _ptw32_mcs_flag_wait       100010f0 f   pthread.obj
 0001:00000190       _ptw32_mcs_lock_acquire    10001190 f   pthread.obj
 0001:00000220       _ptw32_mcs_lock_release    10001220 f   pthread.obj
 0001:000002d0       _ptw32_is_attr             100012d0 f   pthread.obj
 0001:00000310       _ptw32_processInitialize   10001310 f   pthread.obj
 0001:000003f0       _ptw32_processTerminate    100013f0 f   pthread.obj
 0001:00000550       _ptw32_threadStart@4       10001550 f   pthread.obj
 0001:000006a0       _ptw32_threadDestroy       100016a0 f   pthread.obj
 0001:000007a0       _ptw32_tkAssocCreate       100017a0 f   pthread.obj
 0001:00000870       _ptw32_tkAssocDestroy      10001870 f   pthread.obj
 0001:00000970       _ptw32_callUserDestroyRoutines 10001970 f   pthread.obj
 0001:00000b40       _ptw32_semwait             10001b40 f   pthread.obj
 0001:00000c20       _ptw32_relmillisecs        10001c20 f   pthread.obj
 0001:00000d80       _ptw32_throw               10001d80 f   pthread.obj
 0001:00000e60       _ptw32_pop_cleanup_all     10001e60 f   pthread.obj
 0001:00000e80       _ptw32_get_exception_services_code 10001e80 f   pthread.obj
 0001:00000e90       _ptw32_getprocessors       10001e90 f   pthread.obj
 0001:00000f90       _pthread_attr_init         10001f90 f   pthread.obj
 0001:00001030       _pthread_attr_destroy      10002030 f   pthread.obj
 0001:00001090       _pthread_attr_getdetachstate 10002090 f   pthread.obj
 0001:000010e0       _pthread_attr_setdetachstate 100020e0 f   pthread.obj
 0001:00001130       _pthread_attr_getstackaddr 10002130 f   pthread.obj
 0001:00001170       _pthread_attr_setstackaddr 10002170 f   pthread.obj
 0001:000011a0       _pthread_attr_getstacksize 100021a0 f   pthread.obj
 0001:000011e0       _pthread_attr_setstacksize 100021e0 f   pthread.obj
 0001:00001210       _pthread_attr_getscope     10002210 f   pthread.obj
 0001:00001230       _pthread_attr_setscope     10002230 f   pthread.obj
 0001:00001270       _pthread_barrier_init      10002270 f   pthread.obj
 0001:00001380       _pthread_barrier_destroy   10002380 f   pthread.obj
 0001:00001440       _pthread_barrier_wait      10002440 f   pthread.obj
 0001:00001540       _pthread_barrierattr_init  10002540 f   pthread.obj
 0001:000015b0       _pthread_barrierattr_destroy 100025b0 f   pthread.obj
 0001:00001620       _pthread_barrierattr_getpshared 10002620 f   pthread.obj
 0001:00001670       _pthread_barrierattr_setpshared 10002670 f   pthread.obj
 0001:000016d0       _pthread_setcancelstate    100026d0 f   pthread.obj
 0001:00001810       _pthread_setcanceltype     10002810 f   pthread.obj
 0001:00001950       _pthread_testcancel        10002950 f   pthread.obj
 0001:00001a50       _ptw32_RegisterCancelation 10002a50 f   pthread.obj
 0001:00001b30       _pthread_cancel            10002b30 f   pthread.obj
 0001:00001d70       _ptw32_pop_cleanup         10002d70 f   pthread.obj
 0001:00001df0       _ptw32_push_cleanup        10002df0 f   pthread.obj
 0001:00001e40       _ptw32_cond_check_need_init 10002e40 f   pthread.obj
 0001:00001ec0       _pthread_condattr_init     10002ec0 f   pthread.obj
 0001:00001f20       _pthread_condattr_destroy  10002f20 f   pthread.obj
 0001:00001f90       _pthread_condattr_getpshared 10002f90 f   pthread.obj
 0001:00001fe0       _pthread_condattr_setpshared 10002fe0 f   pthread.obj
 0001:00002040       _pthread_cond_init         10003040 f   pthread.obj
 0001:00002220       _pthread_cond_destroy      10003220 f   pthread.obj
 0001:000024c0       _pthread_cond_wait         100034c0 f   pthread.obj
 0001:00002820       _pthread_cond_timedwait    10003820 f   pthread.obj
 0001:00002850       _pthread_cond_signal       10003850 f   pthread.obj
 0001:00002a70       _pthread_cond_broadcast    10003a70 f   pthread.obj
 0001:00002a90       _pthread_create            10003a90 f   pthread.obj
 0001:00002cd0       _DllMain@12                10003cd0 f   pthread.obj
 0001:00002d50       _pthread_exit              10003d50 f   pthread.obj
 0001:00002db0       _pthread_kill              10003db0 f   pthread.obj
 0001:00002e40       _pthread_once              10003e40 f   pthread.obj
 0001:00002f70       _pthread_self              10003f70 f   pthread.obj
 0001:00003110       _pthread_equal             10004110 f   pthread.obj
 0001:00003160       _pthread_setconcurrency    10004160 f   pthread.obj
 0001:00003180       _pthread_getconcurrency    10004180 f   pthread.obj
 0001:00003190       _ptw32_new                 10004190 f   pthread.obj
 0001:00003300       _ptw32_threadReusePop      10004300 f   pthread.obj
 0001:000033e0       _ptw32_threadReusePush     100043e0 f   pthread.obj
 0001:000034e0       _pthreadCancelableWait     100044e0 f   pthread.obj
 0001:00003690       _pthreadCancelableTimedWait 10004690 f   pthread.obj
 0001:000036b0       _ptw32_mutex_check_need_init 100046b0 f   pthread.obj
 0001:00003770       _pthread_mutex_init        10004770 f   pthread.obj
 0001:000038a0       _pthread_mutex_destroy     100048a0 f   pthread.obj
 0001:00003a00       _pthread_mutexattr_init    10004a00 f   pthread.obj
 0001:00003a80       _pthread_mutexattr_destroy 10004a80 f   pthread.obj
 0001:00003af0       _pthread_mutexattr_getpshared 10004af0 f   pthread.obj
 0001:00003b40       _pthread_mutexattr_setpshared 10004b40 f   pthread.obj
 0001:00003ba0       _pthread_mutexattr_settype 10004ba0 f   pthread.obj
 0001:00003c10       _pthread_mutexattr_gettype 10004c10 f   pthread.obj
 0001:00003c60       _pthread_mutex_lock        10004c60 f   pthread.obj
 0001:00003e50       _pthread_mutex_timedlock   10004e50 f   pthread.obj
 0001:000040c0       _pthread_mutex_unlock      100050c0 f   pthread.obj
 0001:00004200       _pthread_mutex_trylock     10005200 f   pthread.obj
 0001:000042e0       _pthread_mutexattr_setkind_np 100052e0 f   pthread.obj
 0001:00004300       _pthread_mutexattr_getkind_np 10005300 f   pthread.obj
 0001:00004320       _pthread_getw32threadhandle_np 10005320 f   pthread.obj
 0001:00004330       _pthread_delay_np          10005330 f   pthread.obj
 0001:000044f0       _pthread_num_processors_np 100054f0 f   pthread.obj
 0001:00004560       _pthread_win32_process_attach_np 10005560 f   pthread.obj
 0001:000047e0       _pthread_win32_process_detach_np 100057e0 f   pthread.obj
 0001:000048e0       _pthread_win32_thread_attach_np 100058e0 f   pthread.obj
 0001:000048f0       _pthread_win32_thread_detach_np 100058f0 f   pthread.obj
 0001:000049b0       _pthread_win32_test_features_np 100059b0 f   pthread.obj
 0001:000049d0       _pthread_timechange_handler_np 100059d0 f   pthread.obj
 0001:00004a90       _ptw32_rwlock_check_need_init 10005a90 f   pthread.obj
 0001:00004b10       _ptw32_rwlock_cancelwrwait 10005b10 f   pthread.obj
 0001:00004b70       _pthread_rwlock_init       10005b70 f   pthread.obj
 0001:00004cc0       _pthread_rwlock_destroy    10005cc0 f   pthread.obj
 0001:00004ef0       _pthread_rwlockattr_init   10005ef0 f   pthread.obj
 0001:00004f60       _pthread_rwlockattr_destroy 10005f60 f   pthread.obj
 0001:00004fd0       _pthread_rwlockattr_getpshared 10005fd0 f   pthread.obj
 0001:00005020       _pthread_rwlockattr_setpshared 10006020 f   pthread.obj
 0001:00005080       _pthread_rwlock_rdlock     10006080 f   pthread.obj
 0001:000051c0       _pthread_rwlock_timedrdlock 100061c0 f   pthread.obj
 0001:00005330       _pthread_rwlock_wrlock     10006330 f   pthread.obj
 0001:00005500       _pthread_rwlock_timedwrlock 10006500 f   pthread.obj
 0001:000056e0       _pthread_rwlock_unlock     100066e0 f   pthread.obj
 0001:00005800       _pthread_rwlock_tryrdlock  10006800 f   pthread.obj
 0001:00005940       _pthread_rwlock_trywrlock  10006940 f   pthread.obj
 0001:00005ac0       _pthread_attr_setschedpolicy 10006ac0 f   pthread.obj
 0001:00005b00       _pthread_attr_getschedpolicy 10006b00 f   pthread.obj
 0001:00005b50       _pthread_attr_setschedparam 10006b50 f   pthread.obj
 0001:00005bd0       _pthread_attr_getschedparam 10006bd0 f   pthread.obj
 0001:00005c20       _pthread_attr_setinheritsched 10006c20 f   pthread.obj
 0001:00005c70       _pthread_attr_getinheritsched 10006c70 f   pthread.obj
 0001:00005cb0       _pthread_setschedparam     10006cb0 f   pthread.obj
 0001:00005d30       _ptw32_setthreadpriority   10006d30 f   pthread.obj
 0001:00005e20       _pthread_getschedparam     10006e20 f   pthread.obj
 0001:00005e90       _sched_get_priority_max    10006e90 f   pthread.obj
 0001:00005ed0       _sched_get_priority_min    10006ed0 f   pthread.obj
 0001:00005f10       _sched_setscheduler        10006f10 f   pthread.obj
 0001:00005fd0       _sched_getscheduler        10006fd0 f   pthread.obj
 0001:00006070       _sched_yield               10007070 f   pthread.obj
 0001:000060a0       _sem_init                  100070a0 f   pthread.obj
 0001:000061e0       _sem_destroy               100071e0 f   pthread.obj
 0001:00006320       _sem_trywait               10007320 f   pthread.obj
 0001:00006400       _sem_wait                  10007400 f   pthread.obj
 0001:000065e0       _sem_timedwait             100075e0 f   pthread.obj
 0001:00006820       _sem_post                  10007820 f   pthread.obj
 0001:00006940       _sem_post_multiple         10007940 f   pthread.obj
 0001:00006a90       _sem_getvalue              10007a90 f   pthread.obj
 0001:00006b70       _sem_open                  10007b70 f   pthread.obj
 0001:00006ba0       _sem_close                 10007ba0 f   pthread.obj
 0001:00006bd0       _sem_unlink                10007bd0 f   pthread.obj
 0001:00006c00       _ptw32_spinlock_check_need_init 10007c00 f   pthread.obj
 0001:00006c80       _pthread_spin_init         10007c80 f   pthread.obj
 0001:00006e00       _pthread_spin_destroy      10007e00 f   pthread.obj
 0001:00006f00       _pthread_spin_lock         10007f00 f   pthread.obj
 0001:00006fb0       _pthread_spin_unlock       10007fb0 f   pthread.obj
 0001:00007050       _pthread_spin_trylock      10008050 f   pthread.obj
 0001:00007110       _pthread_detach            10008110 f   pthread.obj
 0001:00007230       _pthread_join              10008230 f   pthread.obj
 0001:00007380       _pthread_key_create        10008380 f   pthread.obj
 0001:00007440       _pthread_key_delete        10008440 f   pthread.obj
 0001:00007580       _pthread_setspecific       10008580 f   pthread.obj
 0001:00007740       _pthread_getspecific       10008740 f   pthread.obj
 0001:000077cc       _WSASetLastError@4         100087cc f   ws2_32:WS2_32.dll
 0001:000077d2       _WSAGetLastError@0         100087d2 f   ws2_32:WS2_32.dll
 0001:000077d8       _SetEvent@4                100087d8 f   kernel32:KERNEL32.dll
 0001:000077de       _CloseHandle@4             100087de f   kernel32:KERNEL32.dll
 0001:000077e4       _WaitForSingleObject@8     100087e4 f   kernel32:KERNEL32.dll
 0001:000077ea       _CreateEventA@16           100087ea f   kernel32:KERNEL32.dll
 0001:000077f0       _InterlockedExchangeAdd@8  100087f0 f   kernel32:KERNEL32.dll
 0001:000077f6       _InterlockedExchange@8     100087f6 f   kernel32:KERNEL32.dll
 0001:000077fc       _InitializeCriticalSection@4 100087fc f   kernel32:KERNEL32.dll
 0001:00007802       _DeleteCriticalSection@4   10008802 f   kernel32:KERNEL32.dll
 0001:00007808       _LeaveCriticalSection@4    10008808 f   kernel32:KERNEL32.dll
 0001:0000780e       _EnterCriticalSection@4    1000880e f   kernel32:KERNEL32.dll
 0001:00007814       _TlsSetValue@8             10008814 f   kernel32:KERNEL32.dll
 0001:0000781a       _TlsGetValue@4             1000881a f   kernel32:KERNEL32.dll
 0001:00007820       _Sleep@4                   10008820 f   kernel32:KERNEL32.dll
 0001:00007826       _GetProcessAffinityMask@12 10008826 f   kernel32:KERNEL32.dll
 0001:0000782c       _GetCurrentProcess@0       1000882c f   kernel32:KERNEL32.dll
 0001:00007832       _InterlockedDecrement@4    10008832 f   kernel32:KERNEL32.dll
 0001:00007838       _ResetEvent@4              10008838 f   kernel32:KERNEL32.dll
 0001:0000783e       _SetThreadContext@8        1000883e f   kernel32:KERNEL32.dll
 0001:00007844       _GetThreadContext@8        10008844 f   kernel32:KERNEL32.dll
 0001:0000784a       _ResumeThread@4            1000884a f   kernel32:KERNEL32.dll
 0001:00007850       _SuspendThread@4           10008850 f   kernel32:KERNEL32.dll
 0001:00007856       _GetThreadPriority@4       10008856 f   kernel32:KERNEL32.dll
 0001:0000785c       _DuplicateHandle@28        1000885c f   kernel32:KERNEL32.dll
 0001:00007862       _GetCurrentThread@0        10008862 f   kernel32:KERNEL32.dll
 0001:00007868       _GetCurrentThreadId@0      10008868 f   kernel32:KERNEL32.dll
 0001:0000786e       _WaitForMultipleObjects@16 1000886e f   kernel32:KERNEL32.dll
 0001:00007874       _FreeLibrary@4             10008874 f   kernel32:KERNEL32.dll
 0001:0000787a       _GetProcAddress@8          1000887a f   kernel32:KERNEL32.dll
 0001:00007880       _LoadLibraryA@4            10008880 f   kernel32:KERNEL32.dll
 0001:00007886       _SetThreadPriority@8       10008886 f   kernel32:KERNEL32.dll
 0001:0000788c       _GetLastError@0            1000888c f   kernel32:KERNEL32.dll
 0001:00007892       _OpenProcess@12            10008892 f   kernel32:KERNEL32.dll
 0001:00007898       _GetCurrentProcessId@0     10008898 f   kernel32:KERNEL32.dll
 0001:0000789e       _CreateSemaphoreA@16       1000889e f   kernel32:KERNEL32.dll
 0001:000078a4       _ReleaseSemaphore@12       100088a4 f   kernel32:KERNEL32.dll
 0001:000078aa       _TlsAlloc@0                100088aa f   kernel32:KERNEL32.dll
 0001:000078b0       _TlsFree@4                 100088b0 f   kernel32:KERNEL32.dll
 0001:000078b6       _SetLastError@4            100088b6 f   kernel32:KERNEL32.dll
 0001:000078c0       __RTC_CheckEsp             100088c0 f   MSVCRTD:_stack_.obj
 0001:000078f0       @_RTC_CheckStackVars@8     100088f0 f   MSVCRTD:_stack_.obj
 0001:00007960       @_RTC_AllocaHelper@12      10008960 f   MSVCRTD:_stack_.obj
 0001:000079a0       @_RTC_CheckStackVars2@12   100089a0 f   MSVCRTD:_stack_.obj
 0001:00007a80       __RTC_InitBase             10008a80 f   MSVCRTD:_init_.obj
 0001:00007ab0       __RTC_Shutdown             10008ab0 f   MSVCRTD:_init_.obj
 0001:00007ac4       _free                      10008ac4 f   MSVCRTD:MSVCR100D.dll
 0001:00007aca       __endthreadex              10008aca f   MSVCRTD:MSVCR100D.dll
 0001:00007ad0       __setjmp3                  10008ad0 f   MSVCRTD:MSVCR100D.dll
 0001:00007ad6       _memcpy                    10008ad6 f   MSVCRTD:MSVCR100D.dll
 0001:00007ae0       @__security_check_cookie@4 10008ae0 f   MSVCRTD:secchk.obj
 0001:00007af0       _calloc                    10008af0 f   MSVCRTD:MSVCR100D.dll
 0001:00007af6       __errno                    10008af6 f   MSVCRTD:MSVCR100D.dll
 0001:00007afc       __ftime64                  10008afc f   MSVCRTD:MSVCR100D.dll
 0001:00007b10       __alldiv                   10008b10 f   MSVCRTD:lldiv.obj
 0001:00007bc0       __allmul                   10008bc0 f   MSVCRTD:llmul.obj
 0001:00007bf4       _longjmp                   10008bf4 f   MSVCRTD:MSVCR100D.dll
 0001:00007bfa       _exit                      10008bfa f   MSVCRTD:MSVCR100D.dll
 0001:00007c00       _malloc                    10008c00 f   MSVCRTD:MSVCR100D.dll
 0001:00007c06       __beginthreadex            10008c06 f   MSVCRTD:MSVCR100D.dll
 0001:00007c0c       _memset                    10008c0c f   MSVCRTD:MSVCR100D.dll
 0001:00007ca0       __CRT_INIT@12              10008ca0 f   MSVCRTD:crtdll.obj
 0001:00007f90       _NtCurrentTeb              10008f90 f i MSVCRTD:crtdll.obj
 0001:00007fa0       __DllMainCRTStartup@12     10008fa0 f   MSVCRTD:crtdll.obj
 0001:000081a0       ?_RTC_Failure@@YAXPAXH@Z   100091a0 f   MSVCRTD:_error_.obj
 0001:00008550       ?_RTC_StackFailure@@YAXPAXPBD@Z 10009550 f   MSVCRTD:_error_.obj
 0001:00008650       ?_RTC_AllocaFailure@@YAXPAXPAU_RTC_ALLOCA_NODE@@H@Z 10009650 f   MSVCRTD:_error_.obj
 0001:00008800       __RTC_UninitUse            10009800 f   MSVCRTD:_error_.obj
 0001:000088f0       __RTC_NumErrors            100098f0 f   MSVCRTD:_userapi_.obj
 0001:00008900       __RTC_GetErrDesc           10009900 f   MSVCRTD:_userapi_.obj
 0001:00008920       __RTC_SetErrorType         10009920 f   MSVCRTD:_userapi_.obj
 0001:00008950       __RTC_SetErrorFunc         10009950 f   MSVCRTD:_userapi_.obj
 0001:00008970       __RTC_SetErrorFuncW        10009970 f   MSVCRTD:_userapi_.obj
 0001:00008990       ?_RTC_GetErrorFunc@@YAP6AHHPBDH00ZZPBX@Z 10009990 f   MSVCRTD:_userapi_.obj
 0001:000089a0       ?_RTC_GetErrorFuncW@@YAP6AHHPB_WH00ZZPBX@Z 100099a0 f   MSVCRTD:_userapi_.obj
 0001:000089a6       __CRT_RTC_INITW            100099a6 f   MSVCRTD:MSVCR100D.dll
 0001:000089b0       ___report_gsfailure        100099b0 f   MSVCRTD:gs_report.obj
 0001:00008ac0       ___clean_type_info_names   10009ac0 f   MSVCRTD:tncleanup.obj
 0001:00008ae0       __onexit                   10009ae0 f   MSVCRTD:atonexit.obj
 0001:00008be0       _atexit                    10009be0 f   MSVCRTD:atonexit.obj
 0001:00008c00       __RTC_Initialize           10009c00 f   MSVCRTD:_initsect_.obj
 0001:00008c30       __RTC_Terminate            10009c30 f   MSVCRTD:_initsect_.obj
 0001:00008c56       __malloc_dbg               10009c56 f   MSVCRTD:MSVCR100D.dll
 0001:00008c5c       __free_dbg                 10009c5c f   MSVCRTD:MSVCR100D.dll
 0001:00008c62       __encoded_null             10009c62 f   MSVCRTD:MSVCR100D.dll
 0001:00008c68       __CrtSetCheckCount         10009c68 f   MSVCRTD:MSVCR100D.dll
 0001:00008c70       __ValidateImageBase        10009c70 f   MSVCRTD:pesect.obj
 0001:00008cd0       __FindPESection            10009cd0 f   MSVCRTD:pesect.obj
 0001:00008d50       __IsNonwritableInCurrentImage 10009d50 f   MSVCRTD:pesect.obj
 0001:00008e62       __initterm                 10009e62 f   MSVCRTD:MSVCR100D.dll
 0001:00008e68       __initterm_e               10009e68 f   MSVCRTD:MSVCR100D.dll
 0001:00008e6e       __amsg_exit                10009e6e f   MSVCRTD:MSVCR100D.dll
 0001:00008e80       ___security_init_cookie    10009e80 f   MSVCRTD:gs_support.obj
 0001:00008f60       ___CppXcptFilter           10009f60 f   MSVCRTD:MSVCR100D.dll
 0001:00008f70       __except_handler4          10009f70 f   MSVCRTD:chandler4gs.obj
 0001:00008fa0       ?_RTC_GetSrcLine@@YAHPAEPA_WKPAH1K@Z 10009fa0 f   MSVCRTD:_pdblkup_.obj
 0001:000095e2       __crt_debugger_hook        1000a5e2 f   MSVCRTD:MSVCR100D.dll
 0001:000095e8       ___clean_type_info_names_internal 1000a5e8 f   MSVCRTD:MSVCR100D.dll
 0001:000095ee       __unlock                   1000a5ee f   MSVCRTD:MSVCR100D.dll
 0001:000095f4       ___dllonexit               1000a5f4 f   MSVCRTD:MSVCR100D.dll
 0001:000095fa       __lock                     1000a5fa f   MSVCRTD:MSVCR100D.dll
 0001:00009600       __except_handler4_common   1000a600 f   MSVCRTD:MSVCR100D.dll
 0001:00009606       __wmakepath_s              1000a606 f   MSVCRTD:MSVCR100D.dll
 0001:0000960c       _wcscpy_s                  1000a60c f   MSVCRTD:MSVCR100D.dll
 0001:00009612       __wsplitpath_s             1000a612 f   MSVCRTD:MSVCR100D.dll
 0001:00009618       _EncodePointer@4           1000a618 f   kernel32:KERNEL32.dll
 0001:0000961e       _DecodePointer@4           1000a61e f   kernel32:KERNEL32.dll
 0001:00009624       _InterlockedCompareExchange@12 1000a624 f   kernel32:KERNEL32.dll
 0001:0000962a       _WideCharToMultiByte@32    1000a62a f   kernel32:KERNEL32.dll
 0001:00009630       _IsDebuggerPresent@0       1000a630 f   kernel32:KERNEL32.dll
 0001:00009636       _MultiByteToWideChar@24    1000a636 f   kernel32:KERNEL32.dll
 0001:0000963c       _RaiseException@16         1000a63c f   kernel32:KERNEL32.dll
 0001:00009642       _lstrlenA@4                1000a642 f   kernel32:KERNEL32.dll
 0001:00009648       _LoadLibraryW@4            1000a648 f   kernel32:KERNEL32.dll
 0001:0000964e       _TerminateProcess@8        1000a64e f   kernel32:KERNEL32.dll
 0001:00009654       _UnhandledExceptionFilter@4 1000a654 f   kernel32:KERNEL32.dll
 0001:0000965a       _SetUnhandledExceptionFilter@4 1000a65a f   kernel32:KERNEL32.dll
 0001:00009660       _QueryPerformanceCounter@4 1000a660 f   kernel32:KERNEL32.dll
 0001:00009666       _GetTickCount@0            1000a666 f   kernel32:KERNEL32.dll
 0001:0000966c       _GetSystemTimeAsFileTime@4 1000a66c f   kernel32:KERNEL32.dll
 0001:00009672       _HeapFree@12               1000a672 f   kernel32:KERNEL32.dll
 0001:00009678       _HeapAlloc@12              1000a678 f   kernel32:KERNEL32.dll
 0001:0000967e       _GetProcessHeap@0          1000a67e f   kernel32:KERNEL32.dll
 0001:00009684       _GetModuleFileNameW@12     1000a684 f   kernel32:KERNEL32.dll
 0001:0000968a       _VirtualQuery@12           1000a68a f   kernel32:KERNEL32.dll
 0001:00009690       _GetModuleHandleW@4        1000a690 f   kernel32:KERNEL32.dll
 0002:00000000       __imp__GetModuleHandleW@4  1000b000     kernel32:KERNEL32.dll
 0002:00000004       __imp__VirtualQuery@12     1000b004     kernel32:KERNEL32.dll
 0002:00000008       __imp__GetModuleFileNameW@12 1000b008     kernel32:KERNEL32.dll
 0002:0000000c       __imp__SetEvent@4          1000b00c     kernel32:KERNEL32.dll
 0002:00000010       __imp__CloseHandle@4       1000b010     kernel32:KERNEL32.dll
 0002:00000014       __imp__WaitForSingleObject@8 1000b014     kernel32:KERNEL32.dll
 0002:00000018       __imp__CreateEventA@16     1000b018     kernel32:KERNEL32.dll
 0002:0000001c       __imp__InterlockedExchangeAdd@8 1000b01c     kernel32:KERNEL32.dll
 0002:00000020       __imp__InterlockedExchange@8 1000b020     kernel32:KERNEL32.dll
 0002:00000024       __imp__InitializeCriticalSection@4 1000b024     kernel32:KERNEL32.dll
 0002:00000028       __imp__DeleteCriticalSection@4 1000b028     kernel32:KERNEL32.dll
 0002:0000002c       __imp__LeaveCriticalSection@4 1000b02c     kernel32:KERNEL32.dll
 0002:00000030       __imp__EnterCriticalSection@4 1000b030     kernel32:KERNEL32.dll
 0002:00000034       __imp__TlsSetValue@8       1000b034     kernel32:KERNEL32.dll
 0002:00000038       __imp__TlsGetValue@4       1000b038     kernel32:KERNEL32.dll
 0002:0000003c       __imp__Sleep@4             1000b03c     kernel32:KERNEL32.dll
 0002:00000040       __imp__GetProcessAffinityMask@12 1000b040     kernel32:KERNEL32.dll
 0002:00000044       __imp__GetCurrentProcess@0 1000b044     kernel32:KERNEL32.dll
 0002:00000048       __imp__InterlockedDecrement@4 1000b048     kernel32:KERNEL32.dll
 0002:0000004c       __imp__ResetEvent@4        1000b04c     kernel32:KERNEL32.dll
 0002:00000050       __imp__SetThreadContext@8  1000b050     kernel32:KERNEL32.dll
 0002:00000054       __imp__GetThreadContext@8  1000b054     kernel32:KERNEL32.dll
 0002:00000058       __imp__ResumeThread@4      1000b058     kernel32:KERNEL32.dll
 0002:0000005c       __imp__SuspendThread@4     1000b05c     kernel32:KERNEL32.dll
 0002:00000060       __imp__GetThreadPriority@4 1000b060     kernel32:KERNEL32.dll
 0002:00000064       __imp__DuplicateHandle@28  1000b064     kernel32:KERNEL32.dll
 0002:00000068       __imp__GetCurrentThread@0  1000b068     kernel32:KERNEL32.dll
 0002:0000006c       __imp__GetCurrentThreadId@0 1000b06c     kernel32:KERNEL32.dll
 0002:00000070       __imp__WaitForMultipleObjects@16 1000b070     kernel32:KERNEL32.dll
 0002:00000074       __imp__FreeLibrary@4       1000b074     kernel32:KERNEL32.dll
 0002:00000078       __imp__GetProcAddress@8    1000b078     kernel32:KERNEL32.dll
 0002:0000007c       __imp__LoadLibraryA@4      1000b07c     kernel32:KERNEL32.dll
 0002:00000080       __imp__SetThreadPriority@8 1000b080     kernel32:KERNEL32.dll
 0002:00000084       __imp__GetLastError@0      1000b084     kernel32:KERNEL32.dll
 0002:00000088       __imp__OpenProcess@12      1000b088     kernel32:KERNEL32.dll
 0002:0000008c       __imp__GetCurrentProcessId@0 1000b08c     kernel32:KERNEL32.dll
 0002:00000090       __imp__CreateSemaphoreA@16 1000b090     kernel32:KERNEL32.dll
 0002:00000094       __imp__ReleaseSemaphore@12 1000b094     kernel32:KERNEL32.dll
 0002:00000098       __imp__TlsAlloc@0          1000b098     kernel32:KERNEL32.dll
 0002:0000009c       __imp__TlsFree@4           1000b09c     kernel32:KERNEL32.dll
 0002:000000a0       __imp__SetLastError@4      1000b0a0     kernel32:KERNEL32.dll
 0002:000000a4       __imp__HeapAlloc@12        1000b0a4     kernel32:KERNEL32.dll
 0002:000000a8       __imp__HeapFree@12         1000b0a8     kernel32:KERNEL32.dll
 0002:000000ac       __imp__GetSystemTimeAsFileTime@4 1000b0ac     kernel32:KERNEL32.dll
 0002:000000b0       __imp__GetTickCount@0      1000b0b0     kernel32:KERNEL32.dll
 0002:000000b4       __imp__GetProcessHeap@0    1000b0b4     kernel32:KERNEL32.dll
 0002:000000b8       __imp__QueryPerformanceCounter@4 1000b0b8     kernel32:KERNEL32.dll
 0002:000000bc       __imp__SetUnhandledExceptionFilter@4 1000b0bc     kernel32:KERNEL32.dll
 0002:000000c0       __imp__UnhandledExceptionFilter@4 1000b0c0     kernel32:KERNEL32.dll
 0002:000000c4       __imp__TerminateProcess@8  1000b0c4     kernel32:KERNEL32.dll
 0002:000000c8       __imp__LoadLibraryW@4      1000b0c8     kernel32:KERNEL32.dll
 0002:000000cc       __imp__lstrlenA@4          1000b0cc     kernel32:KERNEL32.dll
 0002:000000d0       __imp__RaiseException@16   1000b0d0     kernel32:KERNEL32.dll
 0002:000000d4       __imp__MultiByteToWideChar@24 1000b0d4     kernel32:KERNEL32.dll
 0002:000000d8       __imp__IsDebuggerPresent@0 1000b0d8     kernel32:KERNEL32.dll
 0002:000000dc       __imp__WideCharToMultiByte@32 1000b0dc     kernel32:KERNEL32.dll
 0002:000000e0       __imp__InterlockedCompareExchange@12 1000b0e0     kernel32:KERNEL32.dll
 0002:000000e4       __imp__DecodePointer@4     1000b0e4     kernel32:KERNEL32.dll
 0002:000000e8       __imp__EncodePointer@4     1000b0e8     kernel32:KERNEL32.dll
 0002:000000ec       \177KERNEL32_NULL_THUNK_DATA 1000b0ec     kernel32:KERNEL32.dll
 0002:000000f0       __imp___initterm_e         1000b0f0     MSVCRTD:MSVCR100D.dll
 0002:000000f4       __imp___amsg_exit          1000b0f4     MSVCRTD:MSVCR100D.dll
 0002:000000f8       __imp____CppXcptFilter     1000b0f8     MSVCRTD:MSVCR100D.dll
 0002:000000fc       __imp___crt_debugger_hook  1000b0fc     MSVCRTD:MSVCR100D.dll
 0002:00000100       __imp____clean_type_info_names_internal 1000b100     MSVCRTD:MSVCR100D.dll
 0002:00000104       __imp___unlock             1000b104     MSVCRTD:MSVCR100D.dll
 0002:00000108       __imp____dllonexit         1000b108     MSVCRTD:MSVCR100D.dll
 0002:0000010c       __imp___lock               1000b10c     MSVCRTD:MSVCR100D.dll
 0002:00000110       __imp___onexit             1000b110     MSVCRTD:MSVCR100D.dll
 0002:00000114       __imp___except_handler4_common 1000b114     MSVCRTD:MSVCR100D.dll
 0002:00000118       __imp___wmakepath_s        1000b118     MSVCRTD:MSVCR100D.dll
 0002:0000011c       __imp__wcscpy_s            1000b11c     MSVCRTD:MSVCR100D.dll
 0002:00000120       __imp___wsplitpath_s       1000b120     MSVCRTD:MSVCR100D.dll
 0002:00000124       __imp___initterm           1000b124     MSVCRTD:MSVCR100D.dll
 0002:00000128       __imp___CrtSetCheckCount   1000b128     MSVCRTD:MSVCR100D.dll
 0002:0000012c       __imp___encoded_null       1000b12c     MSVCRTD:MSVCR100D.dll
 0002:00000130       __imp___free_dbg           1000b130     MSVCRTD:MSVCR100D.dll
 0002:00000134       __imp___malloc_dbg         1000b134     MSVCRTD:MSVCR100D.dll
 0002:00000138       __imp___CRT_RTC_INITW      1000b138     MSVCRTD:MSVCR100D.dll
 0002:0000013c       __imp__memset              1000b13c     MSVCRTD:MSVCR100D.dll
 0002:00000140       __imp___beginthreadex      1000b140     MSVCRTD:MSVCR100D.dll
 0002:00000144       __imp__malloc              1000b144     MSVCRTD:MSVCR100D.dll
 0002:00000148       __imp__exit                1000b148     MSVCRTD:MSVCR100D.dll
 0002:0000014c       __imp__longjmp             1000b14c     MSVCRTD:MSVCR100D.dll
 0002:00000150       __imp___ftime64            1000b150     MSVCRTD:MSVCR100D.dll
 0002:00000154       __imp___errno              1000b154     MSVCRTD:MSVCR100D.dll
 0002:00000158       __imp__memcpy              1000b158     MSVCRTD:MSVCR100D.dll
 0002:0000015c       __imp___setjmp3            1000b15c     MSVCRTD:MSVCR100D.dll
 0002:00000160       __imp___endthreadex        1000b160     MSVCRTD:MSVCR100D.dll
 0002:00000164       __imp__free                1000b164     MSVCRTD:MSVCR100D.dll
 0002:00000168       __imp__calloc              1000b168     MSVCRTD:MSVCR100D.dll
 0002:0000016c       \177MSVCR100D_NULL_THUNK_DATA 1000b16c     MSVCRTD:MSVCR100D.dll
 0002:00000170       __imp__WSAGetLastError@0   1000b170     ws2_32:WS2_32.dll
 0002:00000174       __imp__WSASetLastError@4   1000b174     ws2_32:WS2_32.dll
 0002:00000178       \177WS2_32_NULL_THUNK_DATA 1000b178     ws2_32:WS2_32.dll
 0002:0000017c       ___xc_a                    1000b17c     MSVCRTD:cinitexe.obj
 0002:00000180       ___xc_z                    1000b180     MSVCRTD:cinitexe.obj
 0002:00000184       ___xi_a                    1000b184     MSVCRTD:cinitexe.obj
 0002:0000018c       ___xi_z                    1000b18c     MSVCRTD:cinitexe.obj
 0002:000001ac       __pRawDllMain              1000b1ac     MSVCRTD:crtdll.obj
 0002:000001ac       __pDefaultRawDllMain       1000b1ac     MSVCRTD:crtdll.obj
 0002:000001b0       ??_C@_0DA@FJPPCPEH@f?3?2dd?2vctools?2crt_bld?2self_x86?2c@ 1000b1b0     MSVCRTD:crtdll.obj
 0002:000001e0       ??_C@_0BO@GNIAFIKK@Unknown?5Runtime?5Check?5Error?6?$AN?$AA@ 1000b1e0     MSVCRTD:_error_.obj
 0002:00000200       ??_C@_0CM@NGINOKPC@Stack?5memory?5around?5_alloca?5was?5@ 1000b200     MSVCRTD:_error_.obj
 0002:0000022c       ??_C@_0DG@HKJMLLLP@A?5local?5variable?5was?5used?5before@ 1000b22c     MSVCRTD:_error_.obj
 0002:00000264       ??_C@_0BN@FFOINMNJ@Stack?5memory?5was?5corrupted?6?$AN?$AA@ 1000b264     MSVCRTD:_error_.obj
 0002:00000288       ??_C@_0BBN@GPMLNJCF@A?5cast?5to?5a?5smaller?5data?5type?5ha@ 1000b288     MSVCRTD:_error_.obj
 0002:000003a8       ??_C@_0NN@NGPKDKPD@The?5value?5of?5ESP?5was?5not?5properl@ 1000b3a8     MSVCRTD:_error_.obj
 0002:00000524       ??_C@_0CA@IODNCDPG@Run?9Time?5Check?5Failure?5?$CD?$CFd?5?9?5?$CFs?$AA@ 1000b524     MSVCRTD:_error_.obj
 0002:00000544       ??_C@_0BE@GNBOBNCK@Unknown?5Module?5Name?$AA@ 1000b544     MSVCRTD:_error_.obj
 0002:00000558       ??_C@_0BB@PFFGGCJP@Unknown?5Filename?$AA@ 1000b558     MSVCRTD:_error_.obj
 0002:00000570       ??_C@_1EA@NFKNIFJP@?$AAR?$AAu?$AAn?$AA?9?$AAT?$AAi?$AAm?$AAe?$AA?5?$AAC?$AAh?$AAe?$AAc?$AAk?$AA?5?$AAF?$AAa?$AAi?$AAl?$AAu?$AAr?$AAe?$AA?5?$AA?$CD?$AA?$CF?$AAd?$AA?5?$AA?9?$AA?5?$AA?$CF?$AAs?$AA?$AA@ 1000b570     MSVCRTD:_error_.obj
 0002:000005b0       ??_C@_1GM@OLMCBDMB@?$AAR?$AAu?$AAn?$AAt?$AAi?$AAm?$AAe?$AA?5?$AAC?$AAh?$AAe?$AAc?$AAk?$AA?5?$AAE?$AAr?$AAr?$AAo?$AAr?$AA?4?$AA?6?$AA?$AN?$AA?5?$AAU?$AAn?$AAa?$AAb?$AAl?$AAe?$AA?5?$AAt?$AAo@ 1000b5b0     MSVCRTD:_error_.obj
 0002:0000061c       ??_C@_0CG@IAFNJNEE@Stack?5corrupted?5near?5unknown?5var@ 1000b61c     MSVCRTD:_error_.obj
 0002:00000648       ??_C@_0EJ@LJKNEOLN@Stack?5area?5around?5_alloca?5memory@ 1000b648     MSVCRTD:_error_.obj
 0002:00000694       ??_C@_08KJEDNCKC@?$CFs?$CFs?$CFs?$CFs?$AA@ 1000b694     MSVCRTD:_error_.obj
 0002:000006a0       ??_C@_02LLMPMKNF@?$DO?5?$AA@ 1000b6a0     MSVCRTD:_error_.obj
 0002:000006a4       ??_C@_01EEMJAFIK@?6?$AA@   1000b6a4     MSVCRTD:_error_.obj
 0002:000006a8       ??_C@_0BC@KIBAILCI@?$CFs?$CFs?$CFp?$CFs?$CFld?$CFs?$CFd?$CFs?$AA@ 1000b6a8     MSVCRTD:_error_.obj
 0002:000006c0       ??_C@_0EI@CLEPFNGI@Stack?5area?5around?5_alloca?5memory@ 1000b6c0     MSVCRTD:_error_.obj
 0002:00000708       ??_C@_0N@MHFFIMFG@?6Address?3?50x?$AA@ 1000b708     MSVCRTD:_error_.obj
 0002:00000718       ??_C@_07DFDJCKFN@?6Size?3?5?$AA@ 1000b718     MSVCRTD:_error_.obj
 0002:00000720       ??_C@_0CK@DKGBICFE@?6Allocation?5number?5within?5this?5f@ 1000b720     MSVCRTD:_error_.obj
 0002:0000074c       ??_C@_08OMAHNMHJ@?6Data?3?5?$DM?$AA@ 1000b74c     MSVCRTD:_error_.obj
 0002:00000758       ??_C@_09FOPFMPEJ@wsprintfA?$AA@ 1000b758     MSVCRTD:_error_.obj
 0002:00000764       ??_C@_1BG@OILDLIOJ@?$AAu?$AAs?$AAe?$AAr?$AA3?$AA2?$AA?4?$AAd?$AAl?$AAl?$AA?$AA@ 1000b764     MSVCRTD:_error_.obj
 0002:0000077c       ??_C@_05MKKEDADM@?$CF?42X?5?$AA@ 1000b77c     MSVCRTD:_error_.obj
 0002:00000784       ??_C@_0DE@OHJBPMBP@A?5variable?5is?5being?5used?5without@ 1000b784     MSVCRTD:_error_.obj
 0002:000007b8       ??_C@_0BP@OGBCLIBO@Stack?5around?5_alloca?5corrupted?$AA@ 1000b7b8     MSVCRTD:_userapi_.obj
 0002:000007d8       ??_C@_0CK@CNLNOEPB@Local?5variable?5used?5before?5initi@ 1000b7d8     MSVCRTD:_userapi_.obj
 0002:00000804       ??_C@_0BI@CIGMDCBH@Stack?5memory?5corruption?$AA@ 1000b804     MSVCRTD:_userapi_.obj
 0002:0000081c       ??_C@_0CK@FEGOIOPB@Cast?5to?5smaller?5type?5causing?5los@ 1000b81c     MSVCRTD:_userapi_.obj
 0002:00000848       ??_C@_0BJ@HEGAHDFO@Stack?5pointer?5corruption?$AA@ 1000b848     MSVCRTD:_userapi_.obj
 0002:00000880       ?ProcessDetach@NativeDll@<CrtImplementationDetails>@@0IB 1000b880     MSVCRTD:tncleanup.obj
 0002:00000884       ?ProcessAttach@NativeDll@<CrtImplementationDetails>@@0IB 1000b884     MSVCRTD:tncleanup.obj
 0002:00000888       ?ThreadAttach@NativeDll@<CrtImplementationDetails>@@0IB 1000b888     MSVCRTD:tncleanup.obj
 0002:0000088c       ?ThreadDetach@NativeDll@<CrtImplementationDetails>@@0IB 1000b88c     MSVCRTD:tncleanup.obj
 0002:00000890       ?ProcessVerifier@NativeDll@<CrtImplementationDetails>@@0IB 1000b890     MSVCRTD:tncleanup.obj
 0002:000008cc       ??_C@_01KDCPPGHE@r?$AA@    1000b8cc     MSVCRTD:_pdblkup_.obj
 0002:000008d0       ??_C@_0BB@KCIACLNC@PDBOpenValidate5?$AA@ 1000b8d0     MSVCRTD:_pdblkup_.obj
 0002:000008e4       ??_C@_1CK@HHHCOJPD@?$AAE?$AAn?$AAv?$AAi?$AAr?$AAo?$AAn?$AAm?$AAe?$AAn?$AAt?$AAD?$AAi?$AAr?$AAe?$AAc?$AAt?$AAo?$AAr?$AAy?$AA?$AA@ 1000b8e4     MSVCRTD:_pdblkup_.obj
 0002:00000910       ??_C@_1FM@DNCABAP@?$AAS?$AAO?$AAF?$AAT?$AAW?$AAA?$AAR?$AAE?$AA?2?$AAM?$AAi?$AAc?$AAr?$AAo?$AAs?$AAo?$AAf?$AAt?$AA?2?$AAV?$AAi?$AAs?$AAu?$AAa?$AAl?$AAS?$AAt?$AAu?$AAd?$AAi?$AAo?$AA?2@ 1000b910     MSVCRTD:_pdblkup_.obj
 0002:0000096c       ??_C@_0M@HLOHPNFA@RegCloseKey?$AA@ 1000b96c     MSVCRTD:_pdblkup_.obj
 0002:00000978       ??_C@_0BB@GLNAEDBD@RegQueryValueExW?$AA@ 1000b978     MSVCRTD:_pdblkup_.obj
 0002:0000098c       ??_C@_0O@COHOBMLB@RegOpenKeyExW?$AA@ 1000b98c     MSVCRTD:_pdblkup_.obj
 0002:0000099c       ??_C@_1BK@GAEMIDIL@?$AAA?$AAD?$AAV?$AAA?$AAP?$AAI?$AA3?$AA2?$AA?4?$AAD?$AAL?$AAL?$AA?$AA@ 1000b99c     MSVCRTD:_pdblkup_.obj
 0002:000009d8       __load_config_used         1000b9d8     MSVCRTD:loadcfg.obj
 0002:00000aa0       ___safe_se_handler_table   1000baa0     <linker-defined>
 0002:00000aa4       ___rtc_iaa                 1000baa4     MSVCRTD:_initsect_.obj
 0002:00000aac       ___rtc_izz                 1000baac     MSVCRTD:_initsect_.obj
 0002:00000ab0       ___rtc_taa                 1000bab0     MSVCRTD:_initsect_.obj
 0002:00000ab8       ___rtc_tzz                 1000bab8     MSVCRTD:_initsect_.obj
 0002:00000b64       __IMPORT_DESCRIPTOR_WS2_32 1000bb64     ws2_32:WS2_32.dll
 0002:00000b78       __IMPORT_DESCRIPTOR_KERNEL32 1000bb78     kernel32:KERNEL32.dll
 0002:00000b8c       __IMPORT_DESCRIPTOR_MSVCR100D 1000bb8c     MSVCRTD:MSVCR100D.dll
 0002:00000ba0       __NULL_IMPORT_DESCRIPTOR   1000bba0     ws2_32:WS2_32.dll
 0003:00000000       _ptw32_threadReuseTop      1000e000     pthread.obj
 0003:00000004       _ptw32_threadReuseBottom   1000e004     pthread.obj
 0003:00000008       _ptw32_smp_system          1000e008     pthread.obj
 0003:00000094       ___security_cookie         1000e094     MSVCRTD:gs_cookie.obj
 0003:00000098       ___security_cookie_complement 1000e098     MSVCRTD:gs_cookie.obj
 0003:000000a0       ?_RTC_ErrorLevels@@3PAHA   1000e0a0     MSVCRTD:_error_.obj
 0003:000000b4       ___native_dllmain_reason   1000e0b4     MSVCRTD:natstart.obj
 0003:000000b8       ___native_vcclrit_reason   1000e0b8     MSVCRTD:natstart.obj
 0003:000000c8       _ptw32_processInitialized  1000e0c8     pthread.obj
 0003:000000cc       _ptw32_selfThreadKey       1000e0cc     pthread.obj
 0003:000000d0       _ptw32_cleanupKey          1000e0d0     pthread.obj
 0003:000000d4       _ptw32_cond_list_head      1000e0d4     pthread.obj
 0003:000000d8       _ptw32_cond_list_tail      1000e0d8     pthread.obj
 0003:000000dc       _ptw32_concurrency         1000e0dc     pthread.obj
 0003:000000e0       _ptw32_features            1000e0e0     pthread.obj
 0003:000000e4       _ptw32_interlocked_compare_exchange 1000e0e4     pthread.obj
 0003:000000e8       _ptw32_register_cancelation 1000e0e8     pthread.obj
 0003:000000f4       ?wsprintffp@@3P6AHPADPBDZZA 1000e0f4     MSVCRTD:_error_.obj
 0003:00000424       ?__type_info_root_node@@3U__type_info_node@@A 1000e424     MSVCRTD:tncleanup.obj
 0003:00000440       _ptw32_spinlock_test_init_lock 1000e440     <common>
 0003:00000460       _ptw32_cond_list_lock      1000e460     <common>
 0003:00000480       _ptw32_rwlock_test_init_lock 1000e480     <common>
 0003:000004a0       _ptw32_thread_reuse_lock   1000e4a0     <common>
 0003:000004c0       _ptw32_cond_test_init_lock 1000e4c0     <common>
 0003:000004e0       _ptw32_mutex_test_init_lock 1000e4e0     <common>
 0003:000004f8       ___native_startup_state    1000e4f8     <common>
 0003:000004fc       ___native_startup_lock     1000e4fc     <common>
 0003:00000500       ___onexitend               1000e500     <common>
 0003:00000504       ___onexitbegin             1000e504     <common>
 0003:00000508       ___dyn_tls_init_callback   1000e508     <common>

 entry point at        0001:00007fa0

 Static symbols

 0001:00001b10       _ptw32_cancel_self         10002b10 f   pthread.obj
 0001:00001d50       _ptw32_cancel_callback@4   10002d50 f   pthread.obj
 0001:000024e0       _ptw32_cond_timedwait      100034e0 f   pthread.obj
 0001:00002690       _ptw32_cond_wait_cleanup   10003690 f   pthread.obj
 0001:00002870       _ptw32_cond_unblock        10003870 f   pthread.obj
 0001:00002f40       _ptw32_once_on_init_cancel 10003f40 f   pthread.obj
 0001:00003500       _ptw32_cancelable_wait     10004500 f   pthread.obj
 0001:00004020       _ptw32_timed_eventwait     10005020 f   pthread.obj
 0001:00006560       _ptw32_sem_wait_cleanup    10007560 f   pthread.obj
 0001:00006790       _ptw32_sem_timedwait_cleanup 10007790 f   pthread.obj
 0001:00007c20       _pre_c_init                10008c20 f   MSVCRTD:crtdll.obj
 0001:00007fd0       ___DllMainCRTStartup       10008fd0 f   MSVCRTD:crtdll.obj
 0001:00008200       ?failwithmessage@@YAXPAXHHPBD@Z 10009200 f   MSVCRTD:_error_.obj
 0001:00008420       ?DebuggerProbe@@YAHK@Z     10009420 f   MSVCRTD:_error_.obj
 0001:000084b0       ?DebuggerRuntime@@YAHKHPAXPB_W@Z 100094b0 f   MSVCRTD:_error_.obj
 0001:00008790       ?_getMemBlockDataString@@YAXPAD00I@Z 10009790 f   MSVCRTD:_error_.obj
 0001:00009260       ?GetPdbDll@@YAPAUHINSTANCE__@@XZ 1000a260 f   MSVCRTD:_pdblkup_.obj
 0001:00009350       ?GetPdbDllFromInstallPath@@YAPAUHINSTANCE__@@XZ 1000a350 f   MSVCRTD:_pdblkup_.obj
 0001:00009510       ?GetPdbDllPathFromFilePath@@YAHPB_WPA_WI@Z 1000a510 f   MSVCRTD:_pdblkup_.obj

 Exports

  ordinal    name

        1    _pthreadCancelableTimedWait
               exported name: pthreadCancelableTimedWait
        2    _pthreadCancelableWait
               exported name: pthreadCancelableWait
        3    _pthread_attr_destroy
               exported name: pthread_attr_destroy
        4    _pthread_attr_getdetachstate
               exported name: pthread_attr_getdetachstate
        5    _pthread_attr_getinheritsched
               exported name: pthread_attr_getinheritsched
        6    _pthread_attr_getschedparam
               exported name: pthread_attr_getschedparam
        7    _pthread_attr_getschedpolicy
               exported name: pthread_attr_getschedpolicy
        8    _pthread_attr_getscope
               exported name: pthread_attr_getscope
        9    _pthread_attr_getstackaddr
               exported name: pthread_attr_getstackaddr
       10    _pthread_attr_getstacksize
               exported name: pthread_attr_getstacksize
       11    _pthread_attr_init
               exported name: pthread_attr_init
       12    _pthread_attr_setdetachstate
               exported name: pthread_attr_setdetachstate
       13    _pthread_attr_setinheritsched
               exported name: pthread_attr_setinheritsched
       14    _pthread_attr_setschedparam
               exported name: pthread_attr_setschedparam
       15    _pthread_attr_setschedpolicy
               exported name: pthread_attr_setschedpolicy
       16    _pthread_attr_setscope
               exported name: pthread_attr_setscope
       17    _pthread_attr_setstackaddr
               exported name: pthread_attr_setstackaddr
       18    _pthread_attr_setstacksize
               exported name: pthread_attr_setstacksize
       19    _pthread_barrier_destroy
               exported name: pthread_barrier_destroy
       20    _pthread_barrier_init
               exported name: pthread_barrier_init
       21    _pthread_barrier_wait
               exported name: pthread_barrier_wait
       22    _pthread_barrierattr_destroy
               exported name: pthread_barrierattr_destroy
       23    _pthread_barrierattr_getpshared
               exported name: pthread_barrierattr_getpshared
       24    _pthread_barrierattr_init
               exported name: pthread_barrierattr_init
       25    _pthread_barrierattr_setpshared
               exported name: pthread_barrierattr_setpshared
       26    _pthread_cancel
               exported name: pthread_cancel
       27    _pthread_cond_broadcast
               exported name: pthread_cond_broadcast
       28    _pthread_cond_destroy
               exported name: pthread_cond_destroy
       29    _pthread_cond_init
               exported name: pthread_cond_init
       30    _pthread_cond_signal
               exported name: pthread_cond_signal
       31    _pthread_cond_timedwait
               exported name: pthread_cond_timedwait
       32    _pthread_cond_wait
               exported name: pthread_cond_wait
       33    _pthread_condattr_destroy
               exported name: pthread_condattr_destroy
       34    _pthread_condattr_getpshared
               exported name: pthread_condattr_getpshared
       35    _pthread_condattr_init
               exported name: pthread_condattr_init
       36    _pthread_condattr_setpshared
               exported name: pthread_condattr_setpshared
       37    _pthread_create
               exported name: pthread_create
       38    _pthread_delay_np
               exported name: pthread_delay_np
       39    _pthread_detach
               exported name: pthread_detach
       40    _pthread_equal
               exported name: pthread_equal
       41    _pthread_exit
               exported name: pthread_exit
       42    _pthread_getconcurrency
               exported name: pthread_getconcurrency
       43    _pthread_getschedparam
               exported name: pthread_getschedparam
       44    _pthread_getspecific
               exported name: pthread_getspecific
       45    _pthread_getw32threadhandle_np
               exported name: pthread_getw32threadhandle_np
       46    _pthread_join
               exported name: pthread_join
       47    _pthread_key_create
               exported name: pthread_key_create
       48    _pthread_key_delete
               exported name: pthread_key_delete
       49    _pthread_kill
               exported name: pthread_kill
       50    _pthread_mutex_destroy
               exported name: pthread_mutex_destroy
       51    _pthread_mutex_init
               exported name: pthread_mutex_init
       52    _pthread_mutex_lock
               exported name: pthread_mutex_lock
       53    _pthread_mutex_timedlock
               exported name: pthread_mutex_timedlock
       54    _pthread_mutex_trylock
               exported name: pthread_mutex_trylock
       55    _pthread_mutex_unlock
               exported name: pthread_mutex_unlock
       56    _pthread_mutexattr_destroy
               exported name: pthread_mutexattr_destroy
       57    _pthread_mutexattr_getkind_np
               exported name: pthread_mutexattr_getkind_np
       58    _pthread_mutexattr_getpshared
               exported name: pthread_mutexattr_getpshared
       59    _pthread_mutexattr_gettype
               exported name: pthread_mutexattr_gettype
       60    _pthread_mutexattr_init
               exported name: pthread_mutexattr_init
       61    _pthread_mutexattr_setkind_np
               exported name: pthread_mutexattr_setkind_np
       62    _pthread_mutexattr_setpshared
               exported name: pthread_mutexattr_setpshared
       63    _pthread_mutexattr_settype
               exported name: pthread_mutexattr_settype
       64    _pthread_num_processors_np
               exported name: pthread_num_processors_np
       65    _pthread_once
               exported name: pthread_once
       66    _pthread_rwlock_destroy
               exported name: pthread_rwlock_destroy
       67    _pthread_rwlock_init
               exported name: pthread_rwlock_init
       68    _pthread_rwlock_rdlock
               exported name: pthread_rwlock_rdlock
       69    _pthread_rwlock_timedrdlock
               exported name: pthread_rwlock_timedrdlock
       70    _pthread_rwlock_timedwrlock
               exported name: pthread_rwlock_timedwrlock
       71    _pthread_rwlock_tryrdlock
               exported name: pthread_rwlock_tryrdlock
       72    _pthread_rwlock_trywrlock
               exported name: pthread_rwlock_trywrlock
       73    _pthread_rwlock_unlock
               exported name: pthread_rwlock_unlock
       74    _pthread_rwlock_wrlock
               exported name: pthread_rwlock_wrlock
       75    _pthread_rwlockattr_destroy
               exported name: pthread_rwlockattr_destroy
       76    _pthread_rwlockattr_getpshared
               exported name: pthread_rwlockattr_getpshared
       77    _pthread_rwlockattr_init
               exported name: pthread_rwlockattr_init
       78    _pthread_rwlockattr_setpshared
               exported name: pthread_rwlockattr_setpshared
       79    _pthread_self
               exported name: pthread_self
       80    _pthread_setcancelstate
               exported name: pthread_setcancelstate
       81    _pthread_setcanceltype
               exported name: pthread_setcanceltype
       82    _pthread_setconcurrency
               exported name: pthread_setconcurrency
       83    _pthread_setschedparam
               exported name: pthread_setschedparam
       84    _pthread_setspecific
               exported name: pthread_setspecific
       85    _pthread_spin_destroy
               exported name: pthread_spin_destroy
       86    _pthread_spin_init
               exported name: pthread_spin_init
       87    _pthread_spin_lock
               exported name: pthread_spin_lock
       88    _pthread_spin_trylock
               exported name: pthread_spin_trylock
       89    _pthread_spin_unlock
               exported name: pthread_spin_unlock
       90    _pthread_testcancel
               exported name: pthread_testcancel
       91    _pthread_timechange_handler_np
               exported name: pthread_timechange_handler_np
       92    _pthread_win32_process_attach_np
               exported name: pthread_win32_process_attach_np
       93    _pthread_win32_process_detach_np
               exported name: pthread_win32_process_detach_np
       94    _pthread_win32_test_features_np
               exported name: pthread_win32_test_features_np
       95    _pthread_win32_thread_attach_np
               exported name: pthread_win32_thread_attach_np
       96    _pthread_win32_thread_detach_np
               exported name: pthread_win32_thread_detach_np
       97    _ptw32_get_exception_services_code
               exported name: ptw32_get_exception_services_code
       98    _ptw32_pop_cleanup
               exported name: ptw32_pop_cleanup
       99    _ptw32_push_cleanup
               exported name: ptw32_push_cleanup
      100    _sched_get_priority_max
               exported name: sched_get_priority_max
      101    _sched_get_priority_min
               exported name: sched_get_priority_min
      102    _sched_getscheduler
               exported name: sched_getscheduler
      103    _sched_setscheduler
               exported name: sched_setscheduler
      104    _sched_yield
               exported name: sched_yield
      105    _sem_close
               exported name: sem_close
      106    _sem_destroy
               exported name: sem_destroy
      107    _sem_getvalue
               exported name: sem_getvalue
      108    _sem_init
               exported name: sem_init
      109    _sem_open
               exported name: sem_open
      110    _sem_post
               exported name: sem_post
      111    _sem_post_multiple
               exported name: sem_post_multiple
      112    _sem_timedwait
               exported name: sem_timedwait
      113    _sem_trywait
               exported name: sem_trywait
      114    _sem_unlink
               exported name: sem_unlink
      115    _sem_wait
               exported name: sem_wait
