--------------------------------------------------------------------------------------
Timing Analyzer Summary
--------------------------------------------------------------------------------------

Type           : Worst-case tsu
Slack          : N/A
Required Time  : None
Actual Time    : 9.386 ns
From           : FLAGC
To             : SLWR~reg0
From Clock     : --
To Clock       : IFCLK
Failed Paths   : 0

Type           : Worst-case tco
Slack          : N/A
Required Time  : None
Actual Time    : 22.990 ns
From           : got_sync
To             : DEBUG_LED3
From Clock     : IFCLK
To Clock       : --
Failed Paths   : 0

Type           : Worst-case tpd
Slack          : N/A
Required Time  : None
Actual Time    : 11.757 ns
From           : FLAGB
To             : full
From Clock     : --
To Clock       : --
Failed Paths   : 0

Type           : Worst-case th
Slack          : N/A
Required Time  : None
Actual Time    : 8.580 ns
From           : serno
To             : temp_Merc_serialno[4]
From Clock     : --
To Clock       : IFCLK
Failed Paths   : 0

Type           : Clock Setup: 'MCLK_12MHZ'
Slack          : 0.109 ns
Required Time  : 48.00 MHz ( period = 20.833 ns )
Actual Time    : 48.51 MHz ( period = 20.616 ns )
From           : LRCLK_96
To             : AD_state[0]
From Clock     : MCLK_12MHZ
To Clock       : MCLK_12MHZ
Failed Paths   : 0

Type           : Clock Setup: 'IFCLK'
Slack          : 0.315 ns
Required Time  : 48.00 MHz ( period = 20.833 ns )
Actual Time    : 49.50 MHz ( period = 20.202 ns )
From           : OC[4]
To             : CC~reg0
From Clock     : IFCLK
To Clock       : IFCLK
Failed Paths   : 0

Type           : Clock Setup: 'SPI_SCK'
Slack          : 13.093 ns
Required Time  : 48.00 MHz ( period = 20.833 ns )
Actual Time    : 129.20 MHz ( period = 7.740 ns )
From           : gpio_control:gpio_controlSDR|SPI_REGS:spi_regs|saddr[4]
To             : gpio_control:gpio_controlSDR|SPI_REGS:spi_regs|sdata[1]
From Clock     : SPI_SCK
To Clock       : SPI_SCK
Failed Paths   : 0

Type           : Clock Setup: 'FX2_CLK'
Slack          : 16.859 ns
Required Time  : 48.00 MHz ( period = 20.833 ns )
Actual Time    : 251.64 MHz ( period = 3.974 ns )
From           : gpio_control:gpio_controlSDR|SPI_REGS:spi_regs|CS_ph1
To             : gpio_control:gpio_controlSDR|RegisterX:port0reg|OUT[1]
From Clock     : FX2_CLK
To Clock       : FX2_CLK
Failed Paths   : 0

Type           : Clock Setup: 'PCLK_12MHZ'
Slack          : 30.223 ns
Required Time  : 12.50 MHz ( period = 80.000 ns )
Actual Time    : 51.14 MHz ( period = 19.554 ns )
From           : LRCLK_96
To             : AD_state[0]
From Clock     : PCLK_12MHZ
To Clock       : PCLK_12MHZ
Failed Paths   : 0

Type           : Clock Setup: 'CLK_12MHZ'
Slack          : 30.706 ns
Required Time  : 12.29 MHz ( period = 81.380 ns )
Actual Time    : 50.08 MHz ( period = 19.968 ns )
From           : LRCLK_96
To             : AD_state[0]
From Clock     : CLK_12MHZ
To Clock       : CLK_12MHZ
Failed Paths   : 0

Type           : Clock Hold: 'IFCLK'
Slack          : -11.954 ns
Required Time  : 48.00 MHz ( period = 20.833 ns )
Actual Time    : N/A
From           : halt_flag
To             : Tx_aclr
From Clock     : IFCLK
To Clock       : IFCLK
Failed Paths   : 1237

Type           : Clock Hold: 'MCLK_12MHZ'
Slack          : -10.519 ns
Required Time  : 48.00 MHz ( period = 20.833 ns )
Actual Time    : N/A
From           : temp_Penny_serialno[0]
To             : Penny_serialno[0]
From Clock     : MCLK_12MHZ
To Clock       : MCLK_12MHZ
Failed Paths   : 1246

Type           : Clock Hold: 'CLK_12MHZ'
Slack          : -10.195 ns
Required Time  : 12.29 MHz ( period = 81.380 ns )
Actual Time    : N/A
From           : temp_Penny_serialno[0]
To             : Penny_serialno[0]
From Clock     : CLK_12MHZ
To Clock       : CLK_12MHZ
Failed Paths   : 1033

Type           : Clock Hold: 'PCLK_12MHZ'
Slack          : -9.988 ns
Required Time  : 12.50 MHz ( period = 80.000 ns )
Actual Time    : N/A
From           : temp_Penny_serialno[0]
To             : Penny_serialno[0]
From Clock     : PCLK_12MHZ
To Clock       : PCLK_12MHZ
Failed Paths   : 952

Type           : Clock Hold: 'SPI_SCK'
Slack          : 0.499 ns
Required Time  : 48.00 MHz ( period = 20.833 ns )
Actual Time    : N/A
From           : gpio_control:gpio_controlSDR|SPI_REGS:spi_regs|sdata[0]
To             : gpio_control:gpio_controlSDR|SPI_REGS:spi_regs|sdata[0]
From Clock     : SPI_SCK
To Clock       : SPI_SCK
Failed Paths   : 0

Type           : Clock Hold: 'FX2_CLK'
Slack          : 1.204 ns
Required Time  : 48.00 MHz ( period = 20.833 ns )
Actual Time    : N/A
From           : gpio_control:gpio_controlSDR|SPI_REGS:spi_regs|CS_ph1
To             : gpio_control:gpio_controlSDR|SPI_REGS:spi_regs|CS_ph2
From Clock     : FX2_CLK
To Clock       : FX2_CLK
Failed Paths   : 0

Type           : Total number of failed paths
Slack          : 
Required Time  : 
Actual Time    : 
From           : 
To             : 
From Clock     : 
To Clock       : 
Failed Paths   : 4468

--------------------------------------------------------------------------------------

